DEBUG: F:\a\Cosmos-1-3-0/data/missions\__lib__\artemis-sbs.LegendaryMissions.ai.v1.4.0.mastlib __init__.mast
DEBUG: F:\a\Cosmos-1-3-0/data/missions\__lib__\artemis-sbs.LegendaryMissions.ai.v1.4.0.mastlib grid_ai.mast
DEBUG: F:\a\Cosmos-1-3-0/data/missions\__lib__\artemis-sbs.LegendaryMissions.ai.v1.4.0.mastlib grid_ai.py
DEBUG: F:\a\Cosmos-1-3-0/data/missions\__lib__\artemis-sbs.LegendaryMissions.ai.v1.4.0.mastlib npc_brains.mast
DEBUG: F:\a\Cosmos-1-3-0/data/missions\__lib__\artemis-sbs.LegendaryMissions.ai.v1.4.0.mastlib grid_brains.mast
DEBUG: F:\a\Cosmos-1-3-0/data/missions\__lib__\artemis-sbs.LegendaryMissions.comms.v1.4.0.mastlib __init__.mast
DEBUG: F:\a\Cosmos-1-3-0/data/missions\__lib__\artemis-sbs.LegendaryMissions.comms.v1.4.0.mastlib friendly_give_orders.mast
DEBUG: F:\a\Cosmos-1-3-0/data/missions\__lib__\artemis-sbs.LegendaryMissions.comms.v1.4.0.mastlib station_weapon_building.mast
DEBUG: F:\a\Cosmos-1-3-0/data/missions\__lib__\artemis-sbs.LegendaryMissions.comms.v1.4.0.mastlib enemy_taunt.mast
DEBUG: F:\a\Cosmos-1-3-0/data/missions\__lib__\artemis-sbs.LegendaryMissions.comms.v1.4.0.mastlib enemy_surrender.mast
DEBUG: F:\a\Cosmos-1-3-0/data/missions\__lib__\artemis-sbs.LegendaryMissions.comms.v1.4.0.mastlib a2x_captain.mast
DEBUG: F:\a\Cosmos-1-3-0/data/missions\__lib__\artemis-sbs.LegendaryMissions.comms.v1.4.0.mastlib priority_docking.mast
DEBUG: F:\a\Cosmos-1-3-0/data/missions\__lib__\artemis-sbs.LegendaryMissions.comms.v1.4.0.mastlib enemy_stations.mast
DEBUG: F:\a\Cosmos-1-3-0/data/missions\__lib__\artemis-sbs.LegendaryMissions.comms.v1.4.0.mastlib player_comms.mast
DEBUG: F:\a\Cosmos-1-3-0/data/missions\__lib__\artemis-sbs.LegendaryMissions.comms.v1.4.0.mastlib dialogue_cast.mast
DEBUG: F:\a\Cosmos-1-3-0/data/missions\__lib__\artemis-sbs.LegendaryMissions.consoles.v1.4.0.mastlib __init__.mast
DEBUG: F:\a\Cosmos-1-3-0/data/missions\__lib__\artemis-sbs.LegendaryMissions.consoles.v1.4.0.mastlib standard_consoles.mast
DEBUG: F:\a\Cosmos-1-3-0/data/missions\__lib__\artemis-sbs.LegendaryMissions.consoles.v1.4.0.mastlib common_console_select.mast
DEBUG: F:\a\Cosmos-1-3-0/data/missions\__lib__\artemis-sbs.LegendaryMissions.consoles.v1.4.0.mastlib common_console_selection.py
DEBUG: F:\a\Cosmos-1-3-0/data/missions\__lib__\artemis-sbs.LegendaryMissions.consoles.v1.4.0.mastlib manual_weapons.mast
DEBUG: F:\a\Cosmos-1-3-0/data/missions\__lib__\artemis-sbs.LegendaryMissions.consoles.v1.4.0.mastlib gui_screen_tabs.py
DEBUG: F:\a\Cosmos-1-3-0/data/missions\__lib__\artemis-sbs.LegendaryMissions.consoles.v1.4.0.mastlib results_helpers.py
DEBUG: F:\a\Cosmos-1-3-0/data/missions\__lib__\artemis-sbs.LegendaryMissions.consoles.v1.4.0.mastlib game_results.mast
DEBUG: F:\a\Cosmos-1-3-0/data/missions\__lib__\artemis-sbs.LegendaryMissions.consoles.v1.4.0.mastlib server_console.py
DEBUG: F:\a\Cosmos-1-3-0/data/missions\__lib__\artemis-sbs.LegendaryMissions.consoles.v1.4.0.mastlib server_console.mast
DEBUG: F:\a\Cosmos-1-3-0/data/missions\__lib__\artemis-sbs.LegendaryMissions.consoles.v1.4.0.mastlib layout_widgets.mast
DEBUG: F:\a\Cosmos-1-3-0/data/missions\__lib__\artemis-sbs.LegendaryMissions.consoles.v1.4.0.mastlib debug.mast
DEBUG: F:\a\Cosmos-1-3-0/data/missions\__lib__\artemis-sbs.LegendaryMissions.consoles.v1.4.0.mastlib debug.py
DEBUG: F:\a\Cosmos-1-3-0/data/missions\__lib__\artemis-sbs.LegendaryMissions.consoles.v1.4.0.mastlib brain_scan.mast
DEBUG: F:\a\Cosmos-1-3-0/data/missions\__lib__\artemis-sbs.LegendaryMissions.consoles.v1.4.0.mastlib brain_scan.py
DEBUG: F:\a\Cosmos-1-3-0/data/missions\__lib__\artemis-sbs.LegendaryMissions.damage.v1.4.0.mastlib __init__.mast
DEBUG: F:\a\Cosmos-1-3-0/data/missions\__lib__\artemis-sbs.LegendaryMissions.damage.v1.4.0.mastlib damage.mast
DEBUG: F:\a\Cosmos-1-3-0/data/missions\__lib__\artemis-sbs.LegendaryMissions.damage.v1.4.0.mastlib destroy.mast
DEBUG: F:\a\Cosmos-1-3-0/data/missions\__lib__\artemis-sbs.LegendaryMissions.damage.v1.4.0.mastlib internal_damage.mast
DEBUG: F:\a\Cosmos-1-3-0/data/missions\__lib__\artemis-sbs.LegendaryMissions.damage.v1.4.0.mastlib extra_signals.mast
DEBUG: F:\a\Cosmos-1-3-0/data/missions\__lib__\artemis-sbs.LegendaryMissions.docking.v1.4.0.mastlib __init__.mast
DEBUG: F:\a\Cosmos-1-3-0/data/missions\__lib__\artemis-sbs.LegendaryMissions.docking.v1.4.0.mastlib station_torp_building.py
DEBUG: F:\a\Cosmos-1-3-0/data/missions\__lib__\artemis-sbs.LegendaryMissions.docking.v1.4.0.mastlib docking.mast
DEBUG: F:\a\Cosmos-1-3-0/data/missions\__lib__\artemis-sbs.LegendaryMissions.fleets.v1.4.0.mastlib __init__.mast
DEBUG: F:\a\Cosmos-1-3-0/data/missions\__lib__\artemis-sbs.LegendaryMissions.fleets.v1.4.0.mastlib fleet.py
DEBUG: F:\a\Cosmos-1-3-0/data/missions\__lib__\artemis-sbs.LegendaryMissions.fleets.v1.4.0.mastlib fleet.mast
DEBUG: F:\a\Cosmos-1-3-0/data/missions\__lib__\artemis-sbs.LegendaryMissions.fleets.v1.4.0.mastlib brain_fleet.mast
DEBUG: F:\a\Cosmos-1-3-0/data/missions\__lib__\artemis-sbs.LegendaryMissions.fleets.v1.4.0.mastlib npc_cag.py
DEBUG: F:\a\Cosmos-1-3-0/data/missions\__lib__\artemis-sbs.LegendaryMissions.fleets.v1.4.0.mastlib map_common.mast
DEBUG: F:\a\Cosmos-1-3-0/data/missions\__lib__\artemis-sbs.LegendaryMissions.fleets.v1.4.0.mastlib elite_abilitites.py
DEBUG: F:\a\Cosmos-1-3-0/data/missions\__lib__\artemis-sbs.LegendaryMissions.fleets.v1.4.0.mastlib elite_abilities.mast
DEBUG: F:\a\Cosmos-1-3-0/data/missions\__lib__\artemis-sbs.LegendaryMissions.fleets.v1.4.0.mastlib elite_abilities_prefabs.mast
DEBUG: F:\a\Cosmos-1-3-0/data/missions\__lib__\artemis-sbs.LegendaryMissions.fleets.v1.4.0.mastlib map_common.py
DEBUG: F:\a\Cosmos-1-3-0/data/missions\__lib__\artemis-sbs.LegendaryMissions.prefabs.v1.4.0.mastlib __init__.mast
DEBUG: F:\a\Cosmos-1-3-0/data/missions\__lib__\artemis-sbs.LegendaryMissions.prefabs.v1.4.0.mastlib monster.mast
DEBUG: F:\a\Cosmos-1-3-0/data/missions\__lib__\artemis-sbs.LegendaryMissions.prefabs.v1.4.0.mastlib prefab_helpers.py
DEBUG: F:\a\Cosmos-1-3-0/data/missions\__lib__\artemis-sbs.LegendaryMissions.prefabs.v1.4.0.mastlib sparkfeeder.mast
DEBUG: F:\a\Cosmos-1-3-0/data/missions\__lib__\artemis-sbs.LegendaryMissions.prefabs.v1.4.0.mastlib grazer.mast
DEBUG: F:\a\Cosmos-1-3-0/data/missions\__lib__\artemis-sbs.LegendaryMissions.prefabs.v1.4.0.mastlib ravener.mast
DEBUG: F:\a\Cosmos-1-3-0/data/missions\__lib__\artemis-sbs.LegendaryMissions.prefabs.v1.4.0.mastlib reaver.mast
DEBUG: F:\a\Cosmos-1-3-0/data/missions\__lib__\artemis-sbs.LegendaryMissions.prefabs.v1.4.0.mastlib warden.mast
DEBUG: F:\a\Cosmos-1-3-0/data/missions\__lib__\artemis-sbs.LegendaryMissions.prefabs.v1.4.0.mastlib leech.mast
DEBUG: F:\a\Cosmos-1-3-0/data/missions\__lib__\artemis-sbs.LegendaryMissions.prefabs.v1.4.0.mastlib bulwark.mast
DEBUG: F:\a\Cosmos-1-3-0/data/missions\__lib__\artemis-sbs.LegendaryMissions.prefabs.v1.4.0.mastlib insect.mast
DEBUG: F:\a\Cosmos-1-3-0/data/missions\__lib__\artemis-sbs.LegendaryMissions.prefabs.v1.4.0.mastlib piranha.mast
DEBUG: F:\a\Cosmos-1-3-0/data/missions\__lib__\artemis-sbs.LegendaryMissions.prefabs.v1.4.0.mastlib shark.mast
DEBUG: F:\a\Cosmos-1-3-0/data/missions\__lib__\artemis-sbs.LegendaryMissions.prefabs.v1.4.0.mastlib prefab_helpers.py
DEBUG: F:\a\Cosmos-1-3-0/data/missions\__lib__\artemis-sbs.LegendaryMissions.prefabs.v1.4.0.mastlib charybdis.mast
DEBUG: F:\a\Cosmos-1-3-0/data/missions\__lib__\artemis-sbs.LegendaryMissions.prefabs.v1.4.0.mastlib prefab_helpers.py
DEBUG: F:\a\Cosmos-1-3-0/data/missions\__lib__\artemis-sbs.LegendaryMissions.prefabs.v1.4.0.mastlib dragon.mast
DEBUG: F:\a\Cosmos-1-3-0/data/missions\__lib__\artemis-sbs.LegendaryMissions.prefabs.v1.4.0.mastlib prefab_helpers.py
DEBUG: F:\a\Cosmos-1-3-0/data/missions\__lib__\artemis-sbs.LegendaryMissions.prefabs.v1.4.0.mastlib basic_civilian.mast
DEBUG: F:\a\Cosmos-1-3-0/data/missions\__lib__\artemis-sbs.LegendaryMissions.prefabs.v1.4.0.mastlib basic_enemy.mast
DEBUG: F:\a\Cosmos-1-3-0/data/missions\__lib__\artemis-sbs.LegendaryMissions.prefabs.v1.4.0.mastlib defender.mast
DEBUG: F:\a\Cosmos-1-3-0/data/missions\__lib__\artemis-sbs.LegendaryMissions.prefabs.v1.4.0.mastlib prefab_helpers.py
DEBUG: F:\a\Cosmos-1-3-0/data/missions\__lib__\artemis-sbs.LegendaryMissions.prefabs.v1.4.0.mastlib side_prefabs.mast
DEBUG: F:\a\Cosmos-1-3-0/data/missions\__lib__\artemis-sbs.LegendaryMissions.prefabs.v1.4.0.mastlib terrain_prefabs.mast
DEBUG: F:\a\Cosmos-1-3-0/data/missions\__lib__\artemis-sbs.LegendaryMissions.prefabs.v1.4.0.mastlib station_prefabs.mast
DEBUG: F:\a\Cosmos-1-3-0/data/missions\__lib__\artemis-sbs.LegendaryMissions.prefabs.v1.4.0.mastlib lifeform_prefabs.mast
DEBUG: F:\a\Cosmos-1-3-0/data/missions\__lib__\artemis-sbs.LegendaryMissions.prefabs.v1.4.0.mastlib torpedo_prefabs.mast
DEBUG: F:\a\Cosmos-1-3-0/data/missions\__lib__\artemis-sbs.LegendaryMissions.quests.v1.4.0.mastlib __init__.mast
DEBUG: F:\a\Cosmos-1-3-0/data/missions\__lib__\artemis-sbs.LegendaryMissions.quests.v1.4.0.mastlib quest_driver.mast
DEBUG: F:\a\Cosmos-1-3-0/data/missions\__lib__\artemis-sbs.LegendaryMissions.quests.v1.4.0.mastlib bridge_story.mast
